2026-06-16 06:00:46,210 INFO device: cuda | log: logs/models_сomparison20260616_060046.log
2026-06-16 06:15:06,410 INFO Mask2Former загружен (best epoch 7, val_loss 20.7867)
2026-06-16 06:15:49,120 INFO   200/500  (24s)
2026-06-16 06:16:12,629 INFO   400/500  (48s)
2026-06-16 06:16:24,147 INFO 
готово за 59s
2026-06-16 06:16:54,219 INFO всего:    500
2026-06-16 06:16:54,220 INFO целые:    98 (19.6%)
2026-06-16 06:16:54,221 INFO не целые: 402 (80.4%)
2026-06-16 06:17:12,475 INFO показываю 10 из 402 повреждённых
2026-06-16 06:34:24,465 INFO найдено изображений: 500
2026-06-16 06:34:26,526 INFO найдено изображений: 500
2026-06-16 06:39:24,465 INFO найдено изображений: 500
2026-06-16 06:39:26,930 INFO найдено изображений: 500
2026-06-16 06:39:57,026 INFO   200/500  (24s)
2026-06-16 06:40:20,645 INFO   400/500  (47s)
2026-06-16 06:40:32,466 INFO 
готово за 59s
2026-06-16 06:42:11,354 INFO   200/500  (25s)
2026-06-16 06:42:35,220 INFO   400/500  (49s)
2026-06-16 06:42:47,282 INFO 
готово за 61s
2026-06-16 06:43:09,122 INFO всего:    500
2026-06-16 06:43:09,124 INFO целые:    80 (16.0%)
2026-06-16 06:43:09,125 INFO не целые: 420 (84.0%)
2026-06-16 06:43:40,002 INFO всего:    500
2026-06-16 06:43:40,007 INFO целые:    80 (16.0%)
2026-06-16 06:43:40,009 INFO не целые: 420 (84.0%)
2026-06-16 06:44:11,518 INFO найдено изображений: 500
2026-06-16 06:44:12,464 INFO найдено изображений: 500
2026-06-16 06:44:47,831 INFO найдено изображений: 500
2026-06-16 06:45:19,633 INFO   200/500  (24s)
2026-06-16 06:45:44,176 INFO   400/500  (49s)
2026-06-16 06:45:56,492 INFO 
готово за 61s
2026-06-16 06:46:21,056 INFO   200/500  (25s)
2026-06-16 06:46:45,741 INFO   400/500  (49s)
2026-06-16 06:46:58,314 INFO 
готово за 62s
2026-06-16 06:51:37,433 INFO всего:    500
2026-06-16 06:51:37,435 INFO целые:    80 (16.0%)
2026-06-16 06:51:37,437 INFO не целые: 420 (84.0%)
2026-06-16 06:51:40,720 INFO всего:    500
2026-06-16 06:51:40,722 INFO целые:    83 (16.6%)
2026-06-16 06:51:40,723 INFO не целые: 417 (83.4%)
2026-06-16 06:53:33,476 INFO   200/500  (24s)
2026-06-16 06:54:02,621 INFO   400/500  (54s)
2026-06-16 06:54:15,137 INFO 
готово за 66s
2026-06-16 06:54:20,600 INFO всего:    500
2026-06-16 06:54:20,601 INFO целые:    376 (75.2%)
2026-06-16 06:54:20,603 INFO не целые: 124 (24.8%)
2026-06-16 06:55:18,734 INFO   200/500  (25s)
2026-06-16 06:55:43,729 INFO   400/500  (50s)
2026-06-16 06:55:56,183 INFO 
готово за 62s
2026-06-16 06:56:00,449 INFO всего:    500
2026-06-16 06:56:00,452 INFO целые:    486 (97.2%)
2026-06-16 06:56:00,454 INFO не целые: 14 (2.8%)
2026-06-16 06:56:27,822 INFO показываю 10 из 14 повреждённых
2026-06-16 07:01:13,443 INFO показываю 10 из 417 повреждённых
2026-06-16 07:01:55,042 INFO   200/500  (24s)
2026-06-16 07:02:19,681 INFO   400/500  (49s)
2026-06-16 07:02:32,148 INFO 
готово за 61s
2026-06-16 07:02:53,448 INFO всего:    500
2026-06-16 07:02:53,450 INFO целые:    473 (94.6%)
2026-06-16 07:02:53,452 INFO не целые: 27 (5.4%)
2026-06-16 07:03:03,437 INFO показываю 10 из 27 повреждённых
2026-06-16 07:20:18,115 INFO найдено изображений: 500
2026-06-16 07:21:41,227 INFO   200/500  (24s)
2026-06-16 07:22:05,681 INFO   400/500  (48s)
2026-06-16 07:22:18,025 INFO 
готово за 61s
2026-06-16 07:23:38,168 INFO всего:    500
2026-06-16 07:23:38,169 INFO целые:    477 (95.4%)
2026-06-16 07:23:38,170 INFO не целые: 23 (4.6%)
2026-06-16 07:24:44,896 INFO показываю 10 из 23 повреждённых
2026-06-16 07:26:55,917 INFO найдено изображений: 0
2026-06-16 07:27:15,604 INFO найдено изображений: 306
2026-06-16 07:27:41,344 INFO найдено изображений: 306
2026-06-16 07:28:06,327 INFO найдено изображений: 306
2026-06-16 07:28:22,226 INFO найдено изображений: 374
2026-06-16 07:28:32,093 INFO Mask2Former загружен (best epoch 7, val_loss 20.7867)
2026-06-16 07:29:02,252 INFO   200/500  (24s)
2026-06-16 07:29:27,034 INFO   400/500  (49s)
2026-06-16 07:29:39,540 INFO 
готово за 62s
2026-06-16 07:30:10,765 INFO   200/306  (31s)
2026-06-16 07:30:28,725 INFO 
готово за 49s
2026-06-16 07:30:55,696 INFO   200/374  (27s)
2026-06-16 07:31:18,917 INFO 
готово за 50s
2026-06-16 07:31:24,761 INFO всего:    500
2026-06-16 07:31:24,763 INFO целые:    486 (97.2%)
2026-06-16 07:31:24,764 INFO не целые: 14 (2.8%)
2026-06-16 07:31:27,848 INFO всего:    306
2026-06-16 07:31:27,850 INFO целые:    293 (95.8%)
2026-06-16 07:31:27,852 INFO не целые: 13 (4.2%)
2026-06-16 07:31:32,593 INFO всего:    374
2026-06-16 07:31:32,595 INFO целые:    170 (45.5%)
2026-06-16 07:31:32,596 INFO не целые: 204 (54.5%)
2026-06-16 07:32:40,324 INFO   200/500  (25s)
2026-06-16 07:33:05,589 INFO   400/500  (50s)
2026-06-16 07:33:18,166 INFO 
готово за 63s
2026-06-16 07:33:46,461 INFO   200/306  (28s)
2026-06-16 07:34:01,389 INFO 
готово за 43s
2026-06-16 07:34:27,996 INFO   200/374  (27s)
2026-06-16 07:34:51,084 INFO 
готово за 50s
2026-06-16 07:35:00,552 INFO всего:    500
2026-06-16 07:35:00,555 INFO целые:    376 (75.2%)
2026-06-16 07:35:00,556 INFO не целые: 124 (24.8%)
2026-06-16 07:35:03,867 INFO всего:    306
2026-06-16 07:35:03,869 INFO целые:    222 (72.5%)
2026-06-16 07:35:03,869 INFO не целые: 84 (27.5%)
2026-06-16 07:35:06,499 INFO всего:    374
2026-06-16 07:35:06,502 INFO целые:    30 (8.0%)
2026-06-16 07:35:06,503 INFO не целые: 344 (92.0%)
2026-06-16 07:36:55,808 INFO показываю 10 из 124 повреждённых
2026-06-16 07:37:09,620 INFO показываю 10 из 84 повреждённых
2026-06-16 07:37:45,842 INFO показываю 10 из 344 повреждённых
2026-06-16 07:47:50,203 INFO   200/500 (27s)
2026-06-16 07:48:15,157 INFO   400/500 (52s)
2026-06-16 07:48:27,792 INFO инференс готов за 64s
2026-06-16 07:52:20,266 INFO   [generated] 200/500 (25s)
2026-06-16 07:52:45,213 INFO   [generated] 400/500 (50s)
2026-06-16 07:53:26,440 INFO   [parsed] 200/306 (91s)
2026-06-16 07:54:07,992 INFO   [damaged] 200/374 (132s)
2026-06-16 07:54:33,997 INFO инференс готов: 1180 фото за 158s
2026-06-16 07:57:12,318 INFO   [generated] 200/500 (25s)
2026-06-16 07:57:37,876 INFO   [generated] 400/500 (51s)
2026-06-16 07:57:53,139 INFO [generated] готово: 500 фото за 66s
2026-06-16 07:58:21,554 INFO   [parsed] 200/306 (28s)
2026-06-16 07:58:36,679 INFO [parsed] готово: 306 фото за 44s
2026-06-16 07:59:03,078 INFO   [damaged] 200/374 (26s)
2026-06-16 07:59:25,968 INFO [damaged] готово: 374 фото за 49s
2026-06-16 08:03:25,157 INFO найдено изображений: 500
2026-06-16 08:03:26,104 INFO найдено изображений: 306
2026-06-16 08:03:27,277 INFO найдено изображений: 374
2026-06-16 08:03:56,469 INFO   [generated] 200/500 (25s)
2026-06-16 08:04:21,656 INFO   [generated] 400/500 (50s)
2026-06-16 08:05:02,838 INFO   [parsed] 200/306 (91s)
2026-06-16 08:05:45,598 INFO   [damaged] 200/374 (134s)
2026-06-16 08:06:09,339 INFO инференс готов: 1180 фото за 157s
2026-06-16 08:15:48,763 INFO 
===== generated: определены как ПОЛОМАННЫЕ — 10 шт. =====
2026-06-16 08:15:53,059 INFO 
===== parsed: определены как ПОЛОМАННЫЕ — 10 шт. =====
2026-06-16 08:15:59,551 INFO 
===== damaged: определены как ЦЕЛЫЕ — 8 шт. =====
